
> hiyosashii-portfolio@0.1.0 build
> next build

▲ Next.js 16.2.6 (Turbopack)

  Creating an optimized production build ...

> Build error occurred
Error: Turbopack build failed with 1 errors:
./src/components/sections/IntroSection.jsx:169:30
Expected '</', got 'jsx text'
  [90m167 |[0m                     </motion.div>
  [90m168 |[0m                   ))}
[31m[1m>[0m [90m169 |[0m                 </motion.div>
  [90m    |[0m                              [31m[1m^^^^^^^^^^^^^^^^^^^^^^^^^^^^^^^^^^^^^^^^^^^^^^^^^^^^^^^^^^^^^^^[0m
[31m[1m>[0m [90m170 |[0m               </motion.div>
  [90m    |[0m [31m[1m^^^^^^^^^^^^^^[0m
  [90m171 |[0m             </motion.div>
  [90m172 |[0m           </motion.div>
  [90m173 |[0m         </motion.div>

Parsing ecmascript source code failed

Import traces:
  Client Component Browser:
    ./src/components/sections/IntroSection.jsx [Client Component Browser]
    ./src/app/page.js [Client Component Browser]
    ./src/app/page.js [Server Component]

  Client Component SSR:
    ./src/components/sections/IntroSection.jsx [Client Component SSR]
    ./src/app/page.js [Client Component SSR]
    ./src/app/page.js [Server Component]


    at <unknown> (./src/components/sections/IntroSection.jsx:169:30)
